// Vitest Snapshot v1, https://vitest.dev/guide/snapshot.html

exports[`wc-bionic-read-help > add wc-bionic-read-help to the DOM mode interactive 1`] = `"<span id="wc-bionic-toolbar" style="padding: inherit; background-color: rgb(217, 217, 217); margin: -0.65rem -0.65rem 0.75rem -0.65rem; display: flex; flex-wrap: wrap; flex-direction: row; justify-content: space-around; align-items: center; border-bottom: 1px solid #cecece;" part="wc-bionic-toolbar"><label style="display: flex; justify-content: center; align-items: center; gap: 10px; background-color: rgb(197, 197, 197); color: rgb(0, 0, 0); padding: 5px 10px; border-radius: 0.5rem; border: 1px solid #a0a0a0; margin-top: 0.25rem; height: 1.5rem; max-height: 2rem;">Bionic<input type="checkbox" id="bionic-check" style="display: flex; padding: 5px 0px; text-align: center; border-radius: 0.25rem; background-color: rgb(255, 255, 255); border: 1px solid #a0a0a0;"></label><label style="display: flex; justify-content: center; align-items: center; gap: 10px; background-color: rgb(197, 197, 197); color: rgb(0, 0, 0); padding: 5px 10px; border-radius: 0.5rem; border: 1px solid #a0a0a0; margin-top: 0.25rem; height: 1.5rem; max-height: 2rem;">Opacity<input id="bionic-opacity" type="range" min="0" max="1" step="0.01" style="display: flex; padding: 5px 0px; text-align: center; border-radius: 0.25rem; background-color: rgb(255, 255, 255); border: 1px solid #a0a0a0;"></label><label style="display: flex; justify-content: center; align-items: center; gap: 10px; background-color: rgb(197, 197, 197); color: rgb(0, 0, 0); padding: 5px 10px; border-radius: 0.5rem; border: 1px solid #a0a0a0; margin-top: 0.25rem; height: 1.5rem; max-height: 2rem;">Algorithm<input type="text" id="bionic-algorithm" style="display: flex; padding: 5px 0px; text-align: center; border-radius: 0.25rem; background-color: rgb(255, 255, 255); border: 1px solid #a0a0a0;"></label><label style="display: flex; justify-content: center; align-items: center; gap: 10px; background-color: rgb(197, 197, 197); color: rgb(0, 0, 0); padding: 5px 10px; border-radius: 0.5rem; border: 1px solid #a0a0a0; margin-top: 0.25rem; height: 1.5rem; max-height: 2rem;">Text color<input id="bionic-text-color" type="color"></label></span><span id="wc-bionic-read-help-text" part="wc-bionic-read-help-text"><b>Hel</b><span style="opacity:0.75">lo</span> <b>Wor</b><span style="opacity:0.75">ld</span></span>"`;

exports[`wc-bionic-read-help > add wc-bionic-read-help to the DOM mode interactive 2`] = `"<label style="display: flex; justify-content: center; align-items: center; gap: 10px; background-color: rgb(197, 197, 197); color: rgb(0, 0, 0); padding: 5px 10px; border-radius: 0.5rem; border: 1px solid #a0a0a0; margin-top: 0.25rem; height: 1.5rem; max-height: 2rem;">Bionic<input type="checkbox" id="bionic-check" style="display: flex; padding: 5px 0px; text-align: center; border-radius: 0.25rem; background-color: rgb(255, 255, 255); border: 1px solid #a0a0a0;"></label><label style="display: flex; justify-content: center; align-items: center; gap: 10px; background-color: rgb(197, 197, 197); color: rgb(0, 0, 0); padding: 5px 10px; border-radius: 0.5rem; border: 1px solid #a0a0a0; margin-top: 0.25rem; height: 1.5rem; max-height: 2rem;">Opacity<input id="bionic-opacity" type="range" min="0" max="1" step="0.01" style="display: flex; padding: 5px 0px; text-align: center; border-radius: 0.25rem; background-color: rgb(255, 255, 255); border: 1px solid #a0a0a0;"></label><label style="display: flex; justify-content: center; align-items: center; gap: 10px; background-color: rgb(197, 197, 197); color: rgb(0, 0, 0); padding: 5px 10px; border-radius: 0.5rem; border: 1px solid #a0a0a0; margin-top: 0.25rem; height: 1.5rem; max-height: 2rem;">Algorithm<input type="text" id="bionic-algorithm" style="display: flex; padding: 5px 0px; text-align: center; border-radius: 0.25rem; background-color: rgb(255, 255, 255); border: 1px solid #a0a0a0;"></label><label style="display: flex; justify-content: center; align-items: center; gap: 10px; background-color: rgb(197, 197, 197); color: rgb(0, 0, 0); padding: 5px 10px; border-radius: 0.5rem; border: 1px solid #a0a0a0; margin-top: 0.25rem; height: 1.5rem; max-height: 2rem;">Text color<input id="bionic-text-color" type="color"></label>"`;

exports[`wc-bionic-read-help > add wc-bionic-read-help to the DOM mode interactive 3`] = `"<b>Hel</b><span style="opacity:0.75">lo</span> <b>Wor</b><span style="opacity:0.75">ld</span>"`;

exports[`wc-bionic-read-help > add wc-bionic-read-help to the DOM mode static 1`] = `"<span id="wc-bionic-read-help-text" part="wc-bionic-read-help-text"><b>Hel</b><span style="opacity:0.75">lo</span> <b>Wor</b><span style="opacity:0.75">ld</span></span>"`;

exports[`wc-bionic-read-help > add wc-bionic-read-help to the DOM mode static 2`] = `"<b>Hel</b><span style="opacity:0.75">lo</span> <b>Wor</b><span style="opacity:0.75">ld</span>"`;
